2026-08-12 21:20:41,036 - ERROR - Критическая ошибка: Invalid URL 'None': No scheme supplied. Perhaps you meant https://None?
2026-08-12 21:26:28,218 - ERROR - Критическая ошибка: Invalid URL 'None': No scheme supplied. Perhaps you meant https://None?
2026-08-12 21:27:52,387 - ERROR - Критическая ошибка: Invalid URL 'None': No scheme supplied. Perhaps you meant https://None?
2026-08-12 21:29:54,830 - ERROR - Критическая ошибка: Invalid URL 'None': No scheme supplied. Perhaps you meant https://None?
2026-08-12 21:32:57,715 - ERROR - Критическая ошибка: Invalid URL 'None': No scheme supplied. Perhaps you meant https://None?
2026-08-12 21:33:28,144 - ERROR - Критическая ошибка: Invalid URL 'None': No scheme supplied. Perhaps you meant https://None?
2026-08-12 21:37:04,268 - ERROR - Критическая ошибка: Invalid URL 'None': No scheme supplied. Perhaps you meant https://None?
2026-08-12 21:37:18,016 - ERROR - Критическая ошибка: Invalid URL 'None': No scheme supplied. Perhaps you meant https://None?
2026-08-12 21:37:35,659 - ERROR - Критическая ошибка: Invalid URL 'None': No scheme supplied. Perhaps you meant https://None?
2026-08-12 21:40:16,629 - INFO - Сохранены данные ИСУР: 0 задач
2026-08-12 21:44:58,463 - INFO - Сохранены данные ИСУР: 0 задач
2026-08-12 21:47:46,946 - ERROR - Критическая ошибка: Invalid URL 'None': No scheme supplied. Perhaps you meant https://None?
2026-08-12 21:48:50,215 - ERROR - Критическая ошибка: Invalid URL 'None': No scheme supplied. Perhaps you meant https://None?
2026-08-12 21:50:10,732 - ERROR - Критическая ошибка: Invalid URL 'None': No scheme supplied. Perhaps you meant https://None?
2026-08-12 21:52:27,031 - ERROR - Критическая ошибка: Invalid URL 'None': No scheme supplied. Perhaps you meant https://None?
2026-08-12 21:59:20,866 - ERROR - Критическая ошибка: Invalid URL 'None': No scheme supplied. Perhaps you meant https://None?
2026-08-12 22:02:28,503 - ERROR - Критическая ошибка: Invalid URL 'None': No scheme supplied. Perhaps you meant https://None?
2026-08-12 22:04:09,526 - ERROR - Критическая ошибка: Invalid URL 'None': No scheme supplied. Perhaps you meant https://None?
2026-08-12 22:09:11,326 - ERROR - Критическая ошибка: Invalid URL 'None': No scheme supplied. Perhaps you meant https://None?
2026-08-12 22:11:24,591 - ERROR - Критическая ошибка: Invalid URL 'None': No scheme supplied. Perhaps you meant https://None?
2026-08-12 22:15:39,194 - INFO - Сохранены данные ИСУР: 0 задач
2026-08-12 22:16:40,779 - INFO - Сохранены данные ИСУР: 0 задач
2026-08-20 19:05:51,262 - INFO - 🚀 ПОЛНАЯ СИНХРОНИЗАЦИЯ ИСУР-Проекты ↔ Битрикс24
2026-08-20 19:05:51,263 - INFO - 🔄 СИНХРОНИЗАЦИЯ: 2026-08-20 19:05:51
2026-08-20 19:05:51,265 - INFO - Загружено локальных связок: 36
2026-08-20 19:05:54,523 - INFO - Получено работ из ИСУР: 0
2026-08-20 19:05:54,524 - INFO - Сохранены данные ИСУР: 0 задач
2026-08-20 19:05:54,533 - INFO - СОЗДАНО: 0
2026-08-20 19:05:54,536 - INFO - ОБНОВЛЕНО: 0
2026-08-20 19:16:42,722 - INFO - 🚀 ПОЛНАЯ СИНХРОНИЗАЦИЯ ИСУР-Проекты ↔ Битрикс24
2026-08-20 19:16:42,723 - INFO - 🔄 СИНХРОНИЗАЦИЯ: 2026-08-20 19:16:42
2026-08-20 19:16:42,724 - INFO - Загружено локальных связок: 36
2026-08-20 19:16:44,513 - INFO - Получено работ из ИСУР: 0
2026-08-20 19:16:44,514 - INFO - Сохранены данные ИСУР: 0 задач
2026-08-20 19:16:44,514 - INFO - СОЗДАНО: 0
2026-08-20 19:16:44,515 - INFO - ОБНОВЛЕНО: 0
2026-08-20 19:17:02,536 - INFO - РОДИТЕЛЕЙ УСТАНОВЛЕНО: 0
2026-08-20 19:17:02,990 - INFO - АКТИВНА: Без названия
2026-08-20 19:17:03,408 - INFO - АКТИВНА: Без названия
2026-08-20 19:17:03,872 - INFO - АКТИВНА: Без названия
2026-08-20 19:17:04,339 - INFO - АКТИВНА: Без названия
2026-08-20 19:17:04,858 - INFO - АКТИВНА: Без названия
2026-08-20 19:17:05,415 - INFO - АКТИВНА: Без названия
2026-08-20 19:17:05,886 - INFO - АКТИВНА: Без названия
2026-08-20 19:17:06,332 - INFO - АКТИВНА: Без названия
2026-08-20 19:17:06,763 - INFO - АКТИВНА: Без названия
2026-08-20 19:17:07,231 - INFO - АКТИВНА: Без названия
2026-08-20 19:17:07,708 - INFO - АКТИВНА: Без названия
2026-08-20 19:17:08,160 - INFO - АКТИВНА: Без названия
2026-08-20 19:17:08,633 - INFO - АКТИВНА: Без названия
2026-08-20 19:17:09,174 - INFO - АКТИВНА: Без названия
2026-08-20 19:34:34,229 - INFO - 🚀 ПОЛНАЯ СИНХРОНИЗАЦИЯ ИСУР-Проекты ↔ Битрикс24
2026-08-20 19:34:34,230 - INFO - 🔄 СИНХРОНИЗАЦИЯ: 2026-08-20 19:34:34
2026-08-20 19:34:34,231 - INFO - Загружено локальных связок: 36
2026-08-20 19:34:35,933 - INFO - Получено работ из ИСУР: 0
2026-08-20 19:34:35,934 - INFO - Сохранены данные ИСУР: 0 задач
2026-08-20 19:34:35,934 - INFO - СОЗДАНО: 0
2026-08-20 19:34:35,934 - INFO - ОБНОВЛЕНО: 0
2026-08-20 19:34:35,935 - ERROR - Ошибка получения сотрудников ИСУР: name 'requests' is not defined
2026-08-20 19:34:42,304 - DEBUG - Ограничение частоты: ожидание 0.02с
2026-08-20 19:34:43,272 - DEBUG - Ограничение частоты: ожидание 0.06с
2026-08-20 19:42:15,440 - INFO - 🚀 ПОЛНАЯ СИНХРОНИЗАЦИЯ ИСУР-Проекты ↔ Битрикс24
2026-08-20 19:42:15,441 - INFO - 🔄 СИНХРОНИЗАЦИЯ: 2026-08-20 19:42:15
2026-08-20 19:42:15,442 - INFO - Загружено локальных связок: 36
2026-08-20 19:42:17,394 - INFO - Получено работ из ИСУР: 0
2026-08-20 19:42:17,395 - INFO - Сохранены данные ИСУР: 0 задач
2026-08-20 19:42:17,396 - INFO - СОЗДАНО: 0
2026-08-20 19:42:17,397 - INFO - ОБНОВЛЕНО: 0
2026-08-20 19:42:17,397 - ERROR - Ошибка получения сотрудников ИСУР: name 'requests' is not defined
2026-08-20 19:42:17,398 - INFO - РОДИТЕЛЕЙ УСТАНОВЛЕНО: 0
2026-08-20 19:42:17,871 - INFO - АКТИВНА: Без названия
2026-08-20 19:42:18,357 - INFO - АКТИВНА: Без названия
2026-08-20 19:42:18,358 - DEBUG - Ограничение частоты: ожидание 0.04с
2026-08-20 19:42:18,963 - INFO - АКТИВНА: Без названия
2026-08-20 19:42:19,438 - INFO - АКТИВНА: Без названия
2026-08-20 19:42:19,914 - INFO - АКТИВНА: Без названия
2026-08-20 19:42:19,914 - DEBUG - Ограничение частоты: ожидание 0.05с
2026-08-20 19:42:20,460 - INFO - АКТИВНА: Без названия
2026-08-20 19:42:20,919 - INFO - АКТИВНА: Без названия
2026-08-20 19:42:20,919 - DEBUG - Ограничение частоты: ожидание 0.05с
2026-08-20 19:42:21,445 - INFO - АКТИВНА: Без названия
2026-08-20 20:06:13,964 - INFO - База данных инициализирована
2026-08-20 20:19:19,973 - INFO - База данных инициализирована
2026-08-20 20:19:19,974 - INFO - 🔄 СИНХРОНИЗАЦИЯ: 2026-08-20 20:19:19
2026-08-20 20:19:19,977 - INFO - Загружено локальных связок: 36
2026-08-20 20:19:38,696 - INFO - Получено работ из ИСУР: 0
2026-08-20 20:19:38,697 - INFO - СОЗДАНО: 0
2026-08-20 20:19:38,697 - INFO - ОБНОВЛЕНО: 0
2026-08-20 20:19:39,312 - WARNING - Ошибка соединения, попытка 1 из 2 для https://studldn7.api.isur.tech/api/Employees
2026-08-20 20:19:41,859 - WARNING - Ошибка соединения, попытка 2 из 2 для https://studldn7.api.isur.tech/api/Employees
2026-08-20 20:19:41,860 - ERROR - Ошибка получения сотрудников ИСУР: Ошибка соединения: HTTPSConnectionPool(host='studldn7.api.isur.tech', port=443): Max retries exceeded with url: /api/Employees (Caused by SSLError(SSLCertVerificationError(1, "[SSL: CERTIFICATE_VERIFY_FAILED] certificate verify failed: Hostname mismatch, certificate is not valid for 'studldn7.api.isur.tech'. (_ssl.c:1002)")))
2026-08-20 20:19:41,860 - INFO - РОДИТЕЛЕЙ УСТАНОВЛЕНО: 0
2026-08-20 20:19:42,477 - INFO - АКТИВНА: Без названия
2026-08-20 20:19:42,976 - INFO - АКТИВНА: Без названия
2026-08-20 20:19:43,556 - INFO - АКТИВНА: Без названия
2026-08-20 20:19:44,119 - INFO - АКТИВНА: Без названия
2026-08-20 20:19:44,754 - INFO - АКТИВНА: Без названия
2026-08-20 20:19:45,258 - INFO - АКТИВНА: Без названия
2026-08-20 21:53:31,037 - INFO - База данных инициализирована
2026-08-20 21:53:31,039 - INFO - 🔄 СИНХРОНИЗАЦИЯ: 2026-08-20 21:53:31
2026-08-20 21:53:31,042 - INFO - Загружено локальных связок: 0
2026-08-20 21:53:49,258 - INFO - Получено работ из ИСУР: 0
2026-08-20 21:53:49,272 - INFO - СОЗДАНО: 0
2026-08-20 21:53:49,273 - INFO - ОБНОВЛЕНО: 0
2026-08-20 21:53:49,855 - WARNING - Ошибка соединения, попытка 1 из 2 для https://studldn7.api.isur.tech/api/Employees
2026-08-20 21:53:52,253 - WARNING - Ошибка соединения, попытка 2 из 2 для https://studldn7.api.isur.tech/api/Employees
2026-08-20 21:53:52,253 - ERROR - Ошибка получения сотрудников ИСУР: Ошибка соединения: HTTPSConnectionPool(host='studldn7.api.isur.tech', port=443): Max retries exceeded with url: /api/Employees (Caused by SSLError(SSLCertVerificationError(1, "[SSL: CERTIFICATE_VERIFY_FAILED] certificate verify failed: Hostname mismatch, certificate is not valid for 'studldn7.api.isur.tech'. (_ssl.c:1002)")))
2026-08-20 21:53:52,254 - INFO - РОДИТЕЛЕЙ УСТАНОВЛЕНО: 0
2026-08-20 21:53:52,255 - INFO - Завершённых задач не найдено
2026-08-20 21:53:52,256 - INFO - Нет новых завершённых задач
2026-08-20 21:53:52,257 - INFO - ✅ СИНХРОНИЗАЦИЯ ЗАВЕРШЕНА
